I.
1- 
$ mkdir newhome
2-
$cat first.txt
this is first file
[Ctrl D]
$cat s_file.txt
this is second file
[Ctrl D]
$cat t_file.txt 
this is third file 
3-
$cp first.txt newhome
4-
$ cd newhome
5-
$ ls -d a*
$ ls -d A*
6-
$ ls | wc -l
7-
$cat>pro.c
#include <stdio.h>
int main() 
{
   printf("Hello, World!");
   return 0;
}
[Ctrl D]
$cc pro.c


II.
$ date
$ls
$pwd
III.
#include<stdio.h>
#include<string.h>
void main()
{
char fn[10],pat[10],temp[200];
FILE *fp;
printf("Enter file name\n");
scanf("%s",fn);
printf("Enter pattern to be searched\n");
scanf("%s",pat);
fp=fopen(fn,"r");
while(!feof(fp))
{
fgets(temp,1000,fp);
if(strstr(temp,pat))
  printf("%s",temp);
}
fclose(fp);
}
Additional Exercises:
1-
I.
cc pro.c || echo "Error"
II.
$ cat >> first.txt <<EOF
>hi this is
>first file
>EOF
$

III
$ ls -a
IV
$ who| wc -l
2-
#include <stdio.h>
#include <string.h>
#include <unistd.h>


int main(int argc, char** argv)
{
int bytes = 0;
int words = 0;
int newLine = 0;
char buffer[1];
enum states { WHITESPACE, WORD };
int state = WHITESPACE;
 if ( argc !=2 )
 {
     printf( "Help: %s filename", argv[0]);
 }
 else{
     FILE *file = fopen( argv[1], "r");

   if(file == 0){
      printf("can not find :%s\n",argv[1]);
   }
   else{
            char *thefile = argv[1];
      char last = ' '; 
      while (read(thefile,buffer,1) ==1 )
      {
         bytes++;
         if ( buffer[0]== ' ' || buffer[0] == '\t'  )
         {
            state = WHITESPACE;
         }
         else if (buffer[0]=='\n')
         {
            newLine++;
            state = WHITESPACE;
         }
         else 
         {
            if ( state == WHITESPACE )
            {
               words++;
            }
            state = WORD;
         }
         last = buffer[0];
      }        
      printf("%d %d %d %s\n",newLine,words,bytes,thefile);        
   }
 } 

}

Team name 
1-Osama Sayed
2-Amr khaled
3-Ziad emad
